
Note: No compatibility mode selected!


Circuit: * pb-3 system-level emulation.

Doing analysis at TEMP = 27.000000 and TNOM = 27.000000


Initial Transient Solution
--------------------------

Node                                   Voltage
----                                   -------
usb                                          5
vbus                                   4.79032
bat                                        3.7
bms                                        3.7
vin                                        3.7
vraw                                         2
vout                                    1.9802
bbuck#branch                          -0.19802
vbat#branch                           0.419355
vusb#branch                          -0.419355


No. of Data Rows : 10008

  Measurements for Transient Analysis

vout_avg            =  1.980198e+00 from=  5.000000e+00 to=  1.000000e+01
vout_min            =  1.980198e+00 at=  1.000000e+01
vout_max            =  1.980198e+00 at=  1.000000e+01
vbat                =  3.700000e+00
load_current        =  1.98020e-01


Total analysis time (seconds) = 0.029

Total elapsed time (seconds) = 0.032 

Total DRAM available = 15989.699 MB.
DRAM currently available = 9090.117 MB.
Maximum ngspice program size =   22.145 MB.
Current ngspice program size =   12.336 MB.

Shared ngspice pages =   10.406 MB.
Text (code) pages =    5.430 MB.
Stack = 0 bytes.
Library pages =    2.398 MB.

